1
Object: {Name: "/some_file", size: 12}
Sample data
