INSERT 0 2
1
1
1
Object: {Name: "/encrypted_file_old_key_1", size: 481}
Object: {Name: "/encrypted_file_old_key_2", size: 481}
Sample encrypted data, old key
Sample encrypted data, old key
