1
1
INSERT 0 2
1
Object: {Name: "/encrypted_file_identical_key_1", size: 487}
Object: {Name: "/encrypted_file_identical_key_2", size: 487}
Sample encrypted data, identical key
Sample encrypted data, identical key
